[2019-05-12T00:41:00.778+0000][0.004s] Using Concurrent Mark Sweep
[2019-05-12T00:41:00.778+0000][0.004s] Heap address: 0x00000000e0000000, size: 512 MB, Compressed Oops mode: 32-bit
[2019-05-12T00:41:02.088+0000][1.314s] GC(0) Pause Young (Allocation Failure)
[2019-05-12T00:41:02.089+0000][1.315s] GC(0) Using 4 workers of 4 for evacuation
[2019-05-12T00:41:02.100+0000][1.326s] GC(0) ParNew: 87424K->10701K(109248K)
[2019-05-12T00:41:02.100+0000][1.326s] GC(0) CMS: 0K->0K(393216K)
[2019-05-12T00:41:02.100+0000][1.326s] GC(0) Metaspace: 14686K->14686K(1062912K)
[2019-05-12T00:41:02.100+0000][1.326s] GC(0) Pause Young (Allocation Failure) 85M->10M(490M) 11.922ms
[2019-05-12T00:41:02.100+0000][1.326s] GC(0) User=0.04s Sys=0.00s Real=0.01s
[2019-05-12T00:41:03.460+0000][2.686s] GC(1) Pause Young (Allocation Failure)
[2019-05-12T00:41:03.460+0000][2.686s] GC(1) Using 4 workers of 4 for evacuation
[2019-05-12T00:41:03.479+0000][2.704s] GC(1) ParNew: 98125K->16599K(109248K)
[2019-05-12T00:41:03.479+0000][2.705s] GC(1) CMS: 0K->0K(393216K)
[2019-05-12T00:41:03.479+0000][2.705s] GC(1) Metaspace: 24989K->24989K(1073152K)
[2019-05-12T00:41:03.479+0000][2.705s] GC(1) Pause Young (Allocation Failure) 95M->16M(490M) 18.510ms
[2019-05-12T00:41:03.479+0000][2.705s] GC(1) User=0.06s Sys=0.00s Real=0.02s
[2019-05-12T00:41:03.482+0000][2.707s] GC(2) Pause Initial Mark
[2019-05-12T00:41:03.485+0000][2.711s] GC(2) Pause Initial Mark 17M->17M(490M) 3.766ms
[2019-05-12T00:41:03.485+0000][2.711s] GC(2) User=0.01s Sys=0.00s Real=0.01s
[2019-05-12T00:41:03.488+0000][2.714s] GC(2) Concurrent Mark
[2019-05-12T00:41:03.488+0000][2.714s] GC(2) Using 4 workers of 4 for marking
[2019-05-12T00:41:03.510+0000][2.736s] GC(2) Concurrent Mark 21.983ms
[2019-05-12T00:41:03.510+0000][2.736s] GC(2) User=0.05s Sys=0.01s Real=0.02s
[2019-05-12T00:41:03.510+0000][2.736s] GC(2) Concurrent Preclean
[2019-05-12T00:41:03.511+0000][2.736s] GC(2) Concurrent Preclean 0.571ms
[2019-05-12T00:41:03.511+0000][2.736s] GC(2) User=0.00s Sys=0.00s Real=0.00s
[2019-05-12T00:41:03.511+0000][2.737s] GC(2) Concurrent Abortable Preclean
[2019-05-12T00:41:03.880+0000][3.106s] GC(2) Concurrent Abortable Preclean 369.488ms
[2019-05-12T00:41:03.880+0000][3.106s] GC(2) User=1.18s Sys=0.02s Real=0.37s
[2019-05-12T00:41:03.880+0000][3.106s] GC(2) Pause Remark
[2019-05-12T00:41:03.880+0000][3.106s] GC(3) Pause Young (CMS Final Remark)
[2019-05-12T00:41:03.880+0000][3.106s] GC(3) Using 4 workers of 4 for evacuation
[2019-05-12T00:41:03.896+0000][3.122s] GC(3) ParNew: 71213K->19625K(109248K)
[2019-05-12T00:41:03.896+0000][3.122s] GC(3) CMS: 0K->0K(393216K)
[2019-05-12T00:41:03.896+0000][3.122s] GC(3) Metaspace: 27507K->27507K(1075200K)
[2019-05-12T00:41:03.896+0000][3.122s] GC(3) Pause Young (CMS Final Remark) 69M->19M(490M) 15.753ms
[2019-05-12T00:41:03.896+0000][3.122s] GC(3) User=0.06s Sys=0.00s Real=0.02s
[2019-05-12T00:41:03.905+0000][3.131s] GC(2) Pause Remark 69M->19M(490M) 25.137ms
[2019-05-12T00:41:03.906+0000][3.131s] GC(2) User=0.08s Sys=0.00s Real=0.03s
[2019-05-12T00:41:03.906+0000][3.131s] GC(2) Concurrent Sweep
[2019-05-12T00:41:03.906+0000][3.131s] GC(2) Concurrent Sweep 0.042ms
[2019-05-12T00:41:03.906+0000][3.131s] GC(2) User=0.00s Sys=0.00s Real=0.00s
[2019-05-12T00:41:03.906+0000][3.131s] GC(2) Concurrent Reset
[2019-05-12T00:41:03.908+0000][3.134s] GC(2) Concurrent Reset 2.563ms
[2019-05-12T00:41:03.908+0000][3.134s] GC(2) User=0.01s Sys=0.00s Real=0.00s
[2019-05-12T00:41:03.908+0000][3.134s] GC(2) Old: 0K->0K(393216K)
[2019-05-12T00:41:04.696+0000][3.922s] GC(4) Pause Young (Allocation Failure)
[2019-05-12T00:41:04.696+0000][3.922s] GC(4) Using 4 workers of 4 for evacuation
[2019-05-12T00:41:04.717+0000][3.942s] GC(4) ParNew: 107049K->19031K(109248K)
[2019-05-12T00:41:04.717+0000][3.942s] GC(4) CMS: 0K->0K(393216K)
[2019-05-12T00:41:04.717+0000][3.942s] GC(4) Metaspace: 33295K->33295K(1079296K)
[2019-05-12T00:41:04.717+0000][3.942s] GC(4) Pause Young (Allocation Failure) 104M->18M(490M) 20.916ms
[2019-05-12T00:41:04.717+0000][3.942s] GC(4) User=0.06s Sys=0.01s Real=0.02s
[2019-05-12T00:43:31.216+0000][150.442s] Heap
[2019-05-12T00:43:31.216+0000][150.442s]  par new generation   total 109248K, used 86070K [0x00000000e0000000, 0x00000000e8000000, 0x00000000e8000000)
[2019-05-12T00:43:31.216+0000][150.442s]   eden space 87424K,  76% used [0x00000000e0000000, 0x00000000e4177a28, 0x00000000e5560000)
[2019-05-12T00:43:31.216+0000][150.442s]   from space 21824K,  87% used [0x00000000e5560000, 0x00000000e67f5f28, 0x00000000e6ab0000)
[2019-05-12T00:43:31.216+0000][150.442s]   to   space 21824K,   0% used [0x00000000e6ab0000, 0x00000000e6ab0000, 0x00000000e8000000)
[2019-05-12T00:43:31.216+0000][150.442s]  concurrent mark-sweep generation total 393216K, used 0K [0x00000000e8000000, 0x0000000100000000, 0x0000000100000000)
[2019-05-12T00:43:31.216+0000][150.442s]  Metaspace       used 37936K, capacity 38911K, committed 39276K, reserved 1083392K
[2019-05-12T00:43:31.216+0000][150.442s]   class space    used 4647K, capacity 5067K, committed 5144K, reserved 1048576K
