[2019-05-12T00:43:38.709+0000][0.019s] Using Concurrent Mark Sweep
[2019-05-12T00:43:38.709+0000][0.019s] Heap address: 0x00000000e0000000, size: 512 MB, Compressed Oops mode: 32-bit
[2019-05-12T00:43:41.676+0000][2.986s] GC(0) Pause Young (Allocation Failure)
[2019-05-12T00:43:41.677+0000][2.987s] GC(0) Using 4 workers of 4 for evacuation
[2019-05-12T00:43:41.728+0000][3.038s] GC(0) ParNew: 87424K->10725K(109248K)
[2019-05-12T00:43:41.728+0000][3.038s] GC(0) CMS: 0K->0K(393216K)
[2019-05-12T00:43:41.728+0000][3.038s] GC(0) Metaspace: 14695K->14695K(1062912K)
[2019-05-12T00:43:41.728+0000][3.038s] GC(0) Pause Young (Allocation Failure) 85M->10M(490M) 52.247ms
[2019-05-12T00:43:41.728+0000][3.038s] GC(0) User=0.05s Sys=0.01s Real=0.05s
[2019-05-12T00:43:43.732+0000][5.042s] GC(1) Pause Initial Mark
[2019-05-12T00:43:43.747+0000][5.057s] GC(1) Pause Initial Mark 94M->94M(490M) 15.060ms
[2019-05-12T00:43:43.747+0000][5.057s] GC(1) User=0.03s Sys=0.00s Real=0.02s
[2019-05-12T00:43:43.747+0000][5.057s] GC(1) Concurrent Mark
[2019-05-12T00:43:43.748+0000][5.057s] GC(1) Using 4 workers of 4 for marking
[2019-05-12T00:43:43.768+0000][5.078s] GC(1) Concurrent Mark 20.737ms
[2019-05-12T00:43:43.768+0000][5.078s] GC(1) User=0.04s Sys=0.00s Real=0.02s
[2019-05-12T00:43:43.768+0000][5.078s] GC(1) Concurrent Preclean
[2019-05-12T00:43:43.769+0000][5.078s] GC(1) Concurrent Preclean 0.384ms
[2019-05-12T00:43:43.769+0000][5.078s] GC(1) User=0.00s Sys=0.00s Real=0.00s
[2019-05-12T00:43:43.769+0000][5.078s] GC(1) Concurrent Abortable Preclean
[2019-05-12T00:43:43.775+0000][5.085s] GC(2) Pause Young (Allocation Failure)
[2019-05-12T00:43:43.775+0000][5.085s] GC(2) Using 4 workers of 4 for evacuation
[2019-05-12T00:43:43.830+0000][5.140s] GC(2) ParNew: 98149K->16346K(109248K)
[2019-05-12T00:43:43.830+0000][5.140s] GC(2) CMS: 0K->0K(393216K)
[2019-05-12T00:43:43.830+0000][5.140s] GC(2) Metaspace: 25186K->25186K(1073152K)
[2019-05-12T00:43:43.830+0000][5.140s] GC(2) Pause Young (Allocation Failure) 95M->15M(490M) 55.098ms
[2019-05-12T00:43:43.830+0000][5.140s] GC(2) User=0.06s Sys=0.01s Real=0.05s
[2019-05-12T00:43:44.610+0000][5.920s] GC(1) Concurrent Abortable Preclean 841.547ms
[2019-05-12T00:43:44.610+0000][5.920s] GC(1) User=1.30s Sys=0.07s Real=0.84s
[2019-05-12T00:43:44.623+0000][5.932s] GC(1) Pause Remark
[2019-05-12T00:43:44.623+0000][5.932s] GC(3) Pause Young (CMS Final Remark)
[2019-05-12T00:43:44.623+0000][5.932s] GC(3) Using 4 workers of 4 for evacuation
[2019-05-12T00:43:44.657+0000][5.966s] GC(3) ParNew: 69846K->20129K(109248K)
[2019-05-12T00:43:44.657+0000][5.966s] GC(3) CMS: 0K->0K(393216K)
[2019-05-12T00:43:44.657+0000][5.966s] GC(3) Metaspace: 27686K->27686K(1075200K)
[2019-05-12T00:43:44.657+0000][5.966s] GC(3) Pause Young (CMS Final Remark) 68M->19M(490M) 33.740ms
[2019-05-12T00:43:44.657+0000][5.966s] GC(3) User=0.05s Sys=0.00s Real=0.04s
[2019-05-12T00:43:44.677+0000][5.986s] GC(1) Pause Remark 68M->19M(490M) 53.959ms
[2019-05-12T00:43:44.677+0000][5.986s] GC(1) User=0.08s Sys=0.00s Real=0.06s
[2019-05-12T00:43:44.677+0000][5.986s] GC(1) Concurrent Sweep
[2019-05-12T00:43:44.677+0000][5.986s] GC(1) Concurrent Sweep 0.026ms
[2019-05-12T00:43:44.677+0000][5.986s] GC(1) User=0.00s Sys=0.00s Real=0.00s
[2019-05-12T00:43:44.677+0000][5.986s] GC(1) Concurrent Reset
[2019-05-12T00:43:44.679+0000][5.989s] GC(1) Concurrent Reset 2.525ms
[2019-05-12T00:43:44.680+0000][5.989s] GC(1) User=0.00s Sys=0.00s Real=0.00s
[2019-05-12T00:43:44.680+0000][5.989s] GC(1) Old: 0K->0K(393216K)
[2019-05-12T00:43:45.571+0000][6.881s] GC(4) Pause Young (Allocation Failure)
[2019-05-12T00:43:45.571+0000][6.881s] GC(4) Using 4 workers of 4 for evacuation
[2019-05-12T00:43:45.593+0000][6.902s] GC(4) ParNew: 107553K->21341K(109248K)
[2019-05-12T00:43:45.593+0000][6.902s] GC(4) CMS: 0K->0K(393216K)
[2019-05-12T00:43:45.593+0000][6.902s] GC(4) Metaspace: 33447K->33447K(1079296K)
[2019-05-12T00:43:45.593+0000][6.902s] GC(4) Pause Young (Allocation Failure) 105M->20M(490M) 21.657ms
[2019-05-12T00:43:45.593+0000][6.902s] GC(4) User=0.05s Sys=0.00s Real=0.02s
[2019-05-12T00:44:14.336+0000][35.645s] Heap
[2019-05-12T00:44:14.336+0000][35.645s]  par new generation   total 109248K, used 79382K [0x00000000e0000000, 0x00000000e8000000, 0x00000000e8000000)
[2019-05-12T00:44:14.336+0000][35.645s]   eden space 87424K,  66% used [0x00000000e0000000, 0x00000000e38ae2d8, 0x00000000e5560000)
[2019-05-12T00:44:14.336+0000][35.646s]   from space 21824K,  97% used [0x00000000e5560000, 0x00000000e6a37660, 0x00000000e6ab0000)
[2019-05-12T00:44:14.336+0000][35.646s]   to   space 21824K,   0% used [0x00000000e6ab0000, 0x00000000e6ab0000, 0x00000000e8000000)
[2019-05-12T00:44:14.336+0000][35.646s]  concurrent mark-sweep generation total 393216K, used 0K [0x00000000e8000000, 0x0000000100000000, 0x0000000100000000)
[2019-05-12T00:44:14.336+0000][35.646s]  Metaspace       used 37670K, capacity 38630K, committed 38840K, reserved 1083392K
[2019-05-12T00:44:14.336+0000][35.646s]   class space    used 4612K, capacity 5012K, committed 5120K, reserved 1048576K
