[2019-05-12T00:44:28.762+0000][0.005s] Using Concurrent Mark Sweep
[2019-05-12T00:44:28.762+0000][0.005s] Heap address: 0x00000000e0000000, size: 512 MB, Compressed Oops mode: 32-bit
[2019-05-12T00:44:32.303+0000][3.546s] GC(0) Pause Young (Allocation Failure)
[2019-05-12T00:44:32.303+0000][3.546s] GC(0) Using 4 workers of 4 for evacuation
[2019-05-12T00:44:32.317+0000][3.560s] GC(0) ParNew: 87424K->10697K(109248K)
[2019-05-12T00:44:32.317+0000][3.560s] GC(0) CMS: 0K->0K(393216K)
[2019-05-12T00:44:32.317+0000][3.560s] GC(0) Metaspace: 14662K->14662K(1062912K)
[2019-05-12T00:44:32.317+0000][3.560s] GC(0) Pause Young (Allocation Failure) 85M->10M(490M) 14.062ms
[2019-05-12T00:44:32.317+0000][3.560s] GC(0) User=0.03s Sys=0.00s Real=0.02s
[2019-05-12T00:44:34.320+0000][5.563s] GC(1) Pause Initial Mark
[2019-05-12T00:44:34.354+0000][5.596s] GC(1) Pause Initial Mark 89M->89M(490M) 33.181ms
[2019-05-12T00:44:34.354+0000][5.597s] GC(1) User=0.06s Sys=0.00s Real=0.04s
[2019-05-12T00:44:34.357+0000][5.600s] GC(1) Concurrent Mark
[2019-05-12T00:44:34.358+0000][5.601s] GC(1) Using 4 workers of 4 for marking
[2019-05-12T00:44:34.368+0000][5.611s] GC(1) Concurrent Mark 10.578ms
[2019-05-12T00:44:34.368+0000][5.611s] GC(1) User=0.03s Sys=0.00s Real=0.01s
[2019-05-12T00:44:34.368+0000][5.611s] GC(1) Concurrent Preclean
[2019-05-12T00:44:34.369+0000][5.611s] GC(1) Concurrent Preclean 0.637ms
[2019-05-12T00:44:34.369+0000][5.612s] GC(1) User=0.00s Sys=0.00s Real=0.00s
[2019-05-12T00:44:34.369+0000][5.612s] GC(1) Concurrent Abortable Preclean
[2019-05-12T00:44:34.497+0000][5.740s] GC(2) Pause Young (Allocation Failure)
[2019-05-12T00:44:34.497+0000][5.740s] GC(2) Using 4 workers of 4 for evacuation
[2019-05-12T00:44:34.514+0000][5.757s] GC(2) ParNew: 98121K->16342K(109248K)
[2019-05-12T00:44:34.514+0000][5.757s] GC(2) CMS: 0K->0K(393216K)
[2019-05-12T00:44:34.514+0000][5.757s] GC(2) Metaspace: 24999K->24999K(1071104K)
[2019-05-12T00:44:34.514+0000][5.757s] GC(2) Pause Young (Allocation Failure) 95M->15M(490M) 17.070ms
[2019-05-12T00:44:34.514+0000][5.757s] GC(2) User=0.05s Sys=0.00s Real=0.02s
[2019-05-12T00:44:35.397+0000][6.640s] GC(1) Concurrent Abortable Preclean 1028.559ms
[2019-05-12T00:44:35.397+0000][6.640s] GC(1) User=1.55s Sys=0.05s Real=1.03s
[2019-05-12T00:44:35.398+0000][6.641s] GC(1) Pause Remark
[2019-05-12T00:44:35.398+0000][6.641s] GC(3) Pause Young (CMS Final Remark)
[2019-05-12T00:44:35.398+0000][6.641s] GC(3) Using 4 workers of 4 for evacuation
[2019-05-12T00:44:35.446+0000][6.689s] GC(3) ParNew: 71771K->21824K(109248K)
[2019-05-12T00:44:35.446+0000][6.689s] GC(3) CMS: 0K->0K(393216K)
[2019-05-12T00:44:35.446+0000][6.689s] GC(3) Metaspace: 27624K->27624K(1075200K)
[2019-05-12T00:44:35.446+0000][6.689s] GC(3) Pause Young (CMS Final Remark) 70M->21M(490M) 48.563ms
[2019-05-12T00:44:35.446+0000][6.689s] GC(3) User=0.08s Sys=0.00s Real=0.05s
[2019-05-12T00:44:35.472+0000][6.715s] GC(1) Pause Remark 70M->21M(490M) 74.170ms
[2019-05-12T00:44:35.472+0000][6.715s] GC(1) User=0.10s Sys=0.00s Real=0.07s
[2019-05-12T00:44:35.472+0000][6.715s] GC(1) Concurrent Sweep
[2019-05-12T00:44:35.472+0000][6.715s] GC(1) Concurrent Sweep 0.223ms
[2019-05-12T00:44:35.472+0000][6.715s] GC(1) User=0.00s Sys=0.00s Real=0.00s
[2019-05-12T00:44:35.472+0000][6.715s] GC(1) Concurrent Reset
[2019-05-12T00:44:35.475+0000][6.718s] GC(1) Concurrent Reset 2.476ms
[2019-05-12T00:44:35.475+0000][6.718s] GC(1) User=0.00s Sys=0.01s Real=0.01s
[2019-05-12T00:44:35.475+0000][6.718s] GC(1) Old: 0K->0K(393216K)
[2019-05-12T00:44:36.783+0000][8.026s] GC(4) Pause Young (Allocation Failure)
[2019-05-12T00:44:36.783+0000][8.026s] GC(4) Using 4 workers of 4 for evacuation
[2019-05-12T00:44:36.809+0000][8.052s] GC(4) ParNew: 109248K->21597K(109248K)
[2019-05-12T00:44:36.809+0000][8.052s] GC(4) CMS: 0K->0K(393216K)
[2019-05-12T00:44:36.809+0000][8.052s] GC(4) Metaspace: 33035K->33035K(1079296K)
[2019-05-12T00:44:36.809+0000][8.052s] GC(4) Pause Young (Allocation Failure) 106M->21M(490M) 25.943ms
[2019-05-12T00:44:36.809+0000][8.052s] GC(4) User=0.06s Sys=0.00s Real=0.03s
[2019-05-12T00:51:31.035+0000][422.278s] Heap
[2019-05-12T00:51:31.035+0000][422.278s]  par new generation   total 109248K, used 103761K [0x00000000e0000000, 0x00000000e8000000, 0x00000000e8000000)
[2019-05-12T00:51:31.035+0000][422.278s]   eden space 87424K,  93% used [0x00000000e0000000, 0x00000000e503cf48, 0x00000000e5560000)
[2019-05-12T00:51:31.035+0000][422.278s]   from space 21824K,  98% used [0x00000000e5560000, 0x00000000e6a777d0, 0x00000000e6ab0000)
[2019-05-12T00:51:31.035+0000][422.278s]   to   space 21824K,   0% used [0x00000000e6ab0000, 0x00000000e6ab0000, 0x00000000e8000000)
[2019-05-12T00:51:31.035+0000][422.278s]  concurrent mark-sweep generation total 393216K, used 0K [0x00000000e8000000, 0x0000000100000000, 0x0000000100000000)
[2019-05-12T00:51:31.035+0000][422.278s]  Metaspace       used 39743K, capacity 40767K, committed 41068K, reserved 1085440K
[2019-05-12T00:51:31.035+0000][422.278s]   class space    used 4878K, capacity 5323K, committed 5348K, reserved 1048576K
