[2019-05-12T00:53:57.923+0000][0.007s] Using Concurrent Mark Sweep
[2019-05-12T00:53:57.923+0000][0.007s] Heap address: 0x00000000e0000000, size: 512 MB, Compressed Oops mode: 32-bit
[2019-05-12T00:53:59.851+0000][1.935s] GC(0) Pause Young (Allocation Failure)
[2019-05-12T00:53:59.852+0000][1.937s] GC(0) Using 4 workers of 4 for evacuation
[2019-05-12T00:53:59.866+0000][1.951s] GC(0) ParNew: 87424K->10488K(109248K)
[2019-05-12T00:53:59.866+0000][1.951s] GC(0) CMS: 0K->0K(393216K)
[2019-05-12T00:53:59.866+0000][1.951s] GC(0) Metaspace: 14585K->14585K(1062912K)
[2019-05-12T00:53:59.866+0000][1.951s] GC(0) Pause Young (Allocation Failure) 85M->10M(490M) 15.318ms
[2019-05-12T00:53:59.866+0000][1.951s] GC(0) User=0.04s Sys=0.00s Real=0.02s
[2019-05-12T00:54:01.873+0000][3.958s] GC(1) Pause Initial Mark
[2019-05-12T00:54:01.886+0000][3.971s] GC(1) Pause Initial Mark 74M->74M(490M) 13.142ms
[2019-05-12T00:54:01.886+0000][3.971s] GC(1) User=0.05s Sys=0.00s Real=0.02s
[2019-05-12T00:54:01.886+0000][3.971s] GC(1) Concurrent Mark
[2019-05-12T00:54:01.887+0000][3.971s] GC(1) Using 4 workers of 4 for marking
[2019-05-12T00:54:01.904+0000][3.989s] GC(1) Concurrent Mark 17.922ms
[2019-05-12T00:54:01.904+0000][3.989s] GC(1) User=0.04s Sys=0.00s Real=0.01s
[2019-05-12T00:54:01.904+0000][3.989s] GC(1) Concurrent Preclean
[2019-05-12T00:54:01.905+0000][3.990s] GC(1) Concurrent Preclean 0.957ms
[2019-05-12T00:54:01.905+0000][3.990s] GC(1) User=0.00s Sys=0.00s Real=0.01s
[2019-05-12T00:54:01.905+0000][3.990s] GC(1) Concurrent Abortable Preclean
[2019-05-12T00:54:02.639+0000][4.724s] GC(2) Pause Young (Allocation Failure)
[2019-05-12T00:54:02.639+0000][4.724s] GC(2) Using 4 workers of 4 for evacuation
[2019-05-12T00:54:02.669+0000][4.753s] GC(2) ParNew: 97912K->15864K(109248K)
[2019-05-12T00:54:02.669+0000][4.753s] GC(2) CMS: 0K->0K(393216K)
[2019-05-12T00:54:02.669+0000][4.753s] GC(2) Metaspace: 24971K->24971K(1073152K)
[2019-05-12T00:54:02.669+0000][4.753s] GC(2) Pause Young (Allocation Failure) 95M->15M(490M) 29.967ms
[2019-05-12T00:54:02.669+0000][4.753s] GC(2) User=0.07s Sys=0.01s Real=0.03s
[2019-05-12T00:54:03.535+0000][5.619s] GC(1) Concurrent Abortable Preclean 1629.404ms
[2019-05-12T00:54:03.535+0000][5.619s] GC(1) User=2.83s Sys=0.08s Real=1.63s
[2019-05-12T00:54:03.535+0000][5.620s] GC(1) Pause Remark
[2019-05-12T00:54:03.535+0000][5.620s] GC(3) Pause Young (CMS Final Remark)
[2019-05-12T00:54:03.535+0000][5.620s] GC(3) Using 4 workers of 4 for evacuation
[2019-05-12T00:54:03.553+0000][5.637s] GC(3) ParNew: 72938K->21824K(109248K)
[2019-05-12T00:54:03.553+0000][5.637s] GC(3) CMS: 0K->0K(393216K)
[2019-05-12T00:54:03.553+0000][5.637s] GC(3) Metaspace: 27627K->27627K(1075200K)
[2019-05-12T00:54:03.553+0000][5.637s] GC(3) Pause Young (CMS Final Remark) 71M->21M(490M) 17.684ms
[2019-05-12T00:54:03.553+0000][5.637s] GC(3) User=0.05s Sys=0.00s Real=0.01s
[2019-05-12T00:54:03.563+0000][5.648s] GC(1) Pause Remark 71M->21M(490M) 28.116ms
[2019-05-12T00:54:03.563+0000][5.648s] GC(1) User=0.09s Sys=0.00s Real=0.02s
[2019-05-12T00:54:03.563+0000][5.648s] GC(1) Concurrent Sweep
[2019-05-12T00:54:03.565+0000][5.650s] GC(1) Concurrent Sweep 1.988ms
[2019-05-12T00:54:03.565+0000][5.650s] GC(1) User=0.00s Sys=0.00s Real=0.01s
[2019-05-12T00:54:03.568+0000][5.653s] GC(1) Concurrent Reset
[2019-05-12T00:54:03.571+0000][5.655s] GC(1) Concurrent Reset 2.454ms
[2019-05-12T00:54:03.571+0000][5.655s] GC(1) User=0.00s Sys=0.01s Real=0.00s
[2019-05-12T00:54:03.571+0000][5.655s] GC(1) Old: 0K->0K(393216K)
[2019-05-12T00:54:04.746+0000][6.831s] GC(4) Pause Young (Allocation Failure)
[2019-05-12T00:54:04.746+0000][6.831s] GC(4) Using 4 workers of 4 for evacuation
[2019-05-12T00:54:04.770+0000][6.854s] GC(4) ParNew: 109248K->19436K(109248K)
[2019-05-12T00:54:04.770+0000][6.854s] GC(4) CMS: 0K->0K(393216K)
[2019-05-12T00:54:04.770+0000][6.854s] GC(4) Metaspace: 33063K->33063K(1079296K)
[2019-05-12T00:54:04.770+0000][6.854s] GC(4) Pause Young (Allocation Failure) 106M->18M(490M) 23.265ms
[2019-05-12T00:54:04.770+0000][6.854s] GC(4) User=0.08s Sys=0.00s Real=0.02s
