[2019-05-12T00:36:07.515+0000][0.006s] Using Concurrent Mark Sweep
[2019-05-12T00:36:07.515+0000][0.006s] Heap address: 0x00000000e0000000, size: 512 MB, Compressed Oops mode: 32-bit
[2019-05-12T00:36:08.820+0000][1.311s] GC(0) Pause Young (Allocation Failure)
[2019-05-12T00:36:08.820+0000][1.311s] GC(0) Using 4 workers of 4 for evacuation
[2019-05-12T00:36:08.832+0000][1.323s] GC(0) ParNew: 87424K->10699K(109248K)
[2019-05-12T00:36:08.832+0000][1.323s] GC(0) CMS: 0K->0K(393216K)
[2019-05-12T00:36:08.832+0000][1.323s] GC(0) Metaspace: 14701K->14701K(1062912K)
[2019-05-12T00:36:08.832+0000][1.323s] GC(0) Pause Young (Allocation Failure) 85M->10M(490M) 12.093ms
[2019-05-12T00:36:08.832+0000][1.323s] GC(0) User=0.04s Sys=0.00s Real=0.01s
[2019-05-12T00:36:10.221+0000][2.712s] GC(1) Pause Young (Allocation Failure)
[2019-05-12T00:36:10.221+0000][2.712s] GC(1) Using 4 workers of 4 for evacuation
[2019-05-12T00:36:10.244+0000][2.735s] GC(1) ParNew: 98123K->16276K(109248K)
[2019-05-12T00:36:10.314+0000][2.804s] GC(1) CMS: 0K->0K(393216K)
[2019-05-12T00:36:10.314+0000][2.805s] GC(1) Metaspace: 25107K->25107K(1073152K)
[2019-05-12T00:36:10.314+0000][2.805s] GC(1) Pause Young (Allocation Failure) 95M->15M(490M) 92.646ms
[2019-05-12T00:36:10.314+0000][2.805s] GC(1) User=0.06s Sys=0.01s Real=0.10s
[2019-05-12T00:36:10.314+0000][2.805s] GC(2) Pause Initial Mark
[2019-05-12T00:36:10.323+0000][2.813s] GC(2) Pause Initial Mark 15M->15M(490M) 8.241ms
[2019-05-12T00:36:10.323+0000][2.814s] GC(2) User=0.02s Sys=0.00s Real=0.00s
[2019-05-12T00:36:10.323+0000][2.814s] GC(2) Concurrent Mark
[2019-05-12T00:36:10.325+0000][2.816s] GC(2) Using 4 workers of 4 for marking
[2019-05-12T00:36:10.346+0000][2.836s] GC(2) Concurrent Mark 22.542ms
[2019-05-12T00:36:10.346+0000][2.837s] GC(2) User=0.05s Sys=0.00s Real=0.03s
[2019-05-12T00:36:10.346+0000][2.837s] GC(2) Concurrent Preclean
[2019-05-12T00:36:10.347+0000][2.838s] GC(2) Concurrent Preclean 0.950ms
[2019-05-12T00:36:10.347+0000][2.838s] GC(2) User=0.00s Sys=0.00s Real=0.00s
[2019-05-12T00:36:10.347+0000][2.838s] GC(2) Concurrent Abortable Preclean
[2019-05-12T00:36:10.849+0000][3.340s] GC(2) Concurrent Abortable Preclean 501.899ms
[2019-05-12T00:36:10.849+0000][3.340s] GC(2) User=1.29s Sys=0.03s Real=0.50s
[2019-05-12T00:36:10.849+0000][3.340s] GC(2) Pause Remark
[2019-05-12T00:36:10.849+0000][3.340s] GC(3) Pause Young (CMS Final Remark)
[2019-05-12T00:36:10.849+0000][3.340s] GC(3) Using 4 workers of 4 for evacuation
[2019-05-12T00:36:10.863+0000][3.353s] GC(3) ParNew: 71151K->20040K(109248K)
[2019-05-12T00:36:10.863+0000][3.353s] GC(3) CMS: 0K->0K(393216K)
[2019-05-12T00:36:10.863+0000][3.353s] GC(3) Metaspace: 27696K->27696K(1075200K)
[2019-05-12T00:36:10.863+0000][3.353s] GC(3) Pause Young (CMS Final Remark) 69M->19M(490M) 13.580ms
[2019-05-12T00:36:10.863+0000][3.353s] GC(3) User=0.05s Sys=0.00s Real=0.01s
[2019-05-12T00:36:10.877+0000][3.368s] GC(2) Pause Remark 69M->19M(490M) 27.659ms
[2019-05-12T00:36:10.877+0000][3.368s] GC(2) User=0.08s Sys=0.00s Real=0.03s
[2019-05-12T00:36:10.877+0000][3.368s] GC(2) Concurrent Sweep
[2019-05-12T00:36:10.879+0000][3.369s] GC(2) Concurrent Sweep 1.771ms
[2019-05-12T00:36:10.879+0000][3.370s] GC(2) User=0.01s Sys=0.00s Real=0.00s
[2019-05-12T00:36:10.879+0000][3.370s] GC(2) Concurrent Reset
[2019-05-12T00:36:10.882+0000][3.372s] GC(2) Concurrent Reset 2.673ms
[2019-05-12T00:36:10.882+0000][3.372s] GC(2) User=0.00s Sys=0.00s Real=0.00s
[2019-05-12T00:36:10.882+0000][3.372s] GC(2) Old: 0K->0K(393216K)
[2019-05-12T00:36:11.690+0000][4.181s] GC(4) Pause Young (Allocation Failure)
[2019-05-12T00:36:11.690+0000][4.181s] GC(4) Using 4 workers of 4 for evacuation
[2019-05-12T00:36:11.719+0000][4.210s] GC(4) ParNew: 107464K->21313K(109248K)
[2019-05-12T00:36:11.719+0000][4.210s] GC(4) CMS: 0K->0K(393216K)
[2019-05-12T00:36:11.719+0000][4.210s] GC(4) Metaspace: 33484K->33484K(1079296K)
[2019-05-12T00:36:11.719+0000][4.210s] GC(4) Pause Young (Allocation Failure) 104M->20M(490M) 29.147ms
[2019-05-12T00:36:11.719+0000][4.210s] GC(4) User=0.08s Sys=0.00s Real=0.03s
[2019-05-12T00:39:06.428+0000][178.919s] Heap
[2019-05-12T00:39:06.428+0000][178.919s]  par new generation   total 109248K, used 88635K [0x00000000e0000000, 0x00000000e8000000, 0x00000000e8000000)
[2019-05-12T00:39:06.428+0000][178.919s]   eden space 87424K,  77% used [0x00000000e0000000, 0x00000000e41be7b0, 0x00000000e5560000)
[2019-05-12T00:39:06.428+0000][178.919s]   from space 21824K,  97% used [0x00000000e5560000, 0x00000000e6a30630, 0x00000000e6ab0000)
[2019-05-12T00:39:06.428+0000][178.919s]   to   space 21824K,   0% used [0x00000000e6ab0000, 0x00000000e6ab0000, 0x00000000e8000000)
[2019-05-12T00:39:06.428+0000][178.919s]  concurrent mark-sweep generation total 393216K, used 0K [0x00000000e8000000, 0x0000000100000000, 0x0000000100000000)
[2019-05-12T00:39:06.429+0000][178.919s]  Metaspace       used 38104K, capacity 39038K, committed 39276K, reserved 1083392K
[2019-05-12T00:39:06.429+0000][178.919s]   class space    used 4665K, capacity 5066K, committed 5092K, reserved 1048576K
