[2019-05-12T00:40:45.338+0000][0.004s] Using Concurrent Mark Sweep
[2019-05-12T00:40:45.338+0000][0.004s] Heap address: 0x00000000e0000000, size: 512 MB, Compressed Oops mode: 32-bit
[2019-05-12T00:40:46.784+0000][1.449s] GC(0) Pause Young (Allocation Failure)
[2019-05-12T00:40:46.784+0000][1.450s] GC(0) Using 4 workers of 4 for evacuation
[2019-05-12T00:40:46.795+0000][1.461s] GC(0) ParNew: 87424K->10699K(109248K)
[2019-05-12T00:40:46.796+0000][1.461s] GC(0) CMS: 0K->0K(393216K)
[2019-05-12T00:40:46.796+0000][1.461s] GC(0) Metaspace: 14691K->14691K(1062912K)
[2019-05-12T00:40:46.796+0000][1.461s] GC(0) Pause Young (Allocation Failure) 85M->10M(490M) 11.383ms
[2019-05-12T00:40:46.796+0000][1.461s] GC(0) User=0.05s Sys=0.00s Real=0.02s
[2019-05-12T00:40:48.795+0000][3.460s] GC(1) Pause Initial Mark
[2019-05-12T00:40:48.805+0000][3.471s] GC(1) Pause Initial Mark 69M->69M(490M) 10.588ms
[2019-05-12T00:40:48.805+0000][3.471s] GC(1) User=0.03s Sys=0.00s Real=0.01s
[2019-05-12T00:40:48.806+0000][3.471s] GC(1) Concurrent Mark
[2019-05-12T00:40:48.834+0000][3.499s] GC(1) Using 4 workers of 4 for marking
[2019-05-12T00:40:48.859+0000][3.524s] GC(1) Concurrent Mark 52.960ms
[2019-05-12T00:40:48.859+0000][3.524s] GC(1) User=0.09s Sys=0.00s Real=0.05s
[2019-05-12T00:40:48.859+0000][3.524s] GC(1) Concurrent Preclean
[2019-05-12T00:40:48.859+0000][3.525s] GC(1) Concurrent Preclean 0.587ms
[2019-05-12T00:40:48.859+0000][3.525s] GC(1) User=0.00s Sys=0.00s Real=0.00s
[2019-05-12T00:40:48.859+0000][3.525s] GC(1) Concurrent Abortable Preclean
[2019-05-12T00:40:50.404+0000][5.069s] GC(2) Pause Young (Allocation Failure)
[2019-05-12T00:40:50.404+0000][5.069s] GC(2) Using 4 workers of 4 for evacuation
[2019-05-12T00:40:50.422+0000][5.087s] GC(2) ParNew: 98123K->16262K(109248K)
[2019-05-12T00:40:50.422+0000][5.087s] GC(2) CMS: 0K->0K(393216K)
[2019-05-12T00:40:50.422+0000][5.087s] GC(2) Metaspace: 25298K->25298K(1073152K)
[2019-05-12T00:40:50.422+0000][5.087s] GC(2) Pause Young (Allocation Failure) 95M->15M(490M) 17.938ms
[2019-05-12T00:40:50.422+0000][5.087s] GC(2) User=0.04s Sys=0.00s Real=0.02s
[2019-05-12T00:40:51.268+0000][5.933s] GC(1) Concurrent Abortable Preclean 2408.420ms
[2019-05-12T00:40:51.268+0000][5.933s] GC(1) User=2.99s Sys=0.07s Real=2.41s
[2019-05-12T00:40:51.268+0000][5.933s] GC(1) Pause Remark
[2019-05-12T00:40:51.268+0000][5.933s] GC(3) Pause Young (CMS Final Remark)
[2019-05-12T00:40:51.268+0000][5.933s] GC(3) Using 4 workers of 4 for evacuation
[2019-05-12T00:40:51.317+0000][5.983s] GC(3) ParNew: 67857K->21824K(109248K)
[2019-05-12T00:40:51.317+0000][5.983s] GC(3) CMS: 0K->0K(393216K)
[2019-05-12T00:40:51.317+0000][5.983s] GC(3) Metaspace: 27533K->27533K(1075200K)
[2019-05-12T00:40:51.318+0000][5.983s] GC(3) Pause Young (CMS Final Remark) 66M->21M(490M) 49.544ms
[2019-05-12T00:40:51.318+0000][5.983s] GC(3) User=0.08s Sys=0.00s Real=0.05s
[2019-05-12T00:40:51.337+0000][6.003s] GC(1) Pause Remark 66M->21M(490M) 69.537ms
[2019-05-12T00:40:51.338+0000][6.003s] GC(1) User=0.12s Sys=0.00s Real=0.07s
[2019-05-12T00:40:51.338+0000][6.003s] GC(1) Concurrent Sweep
[2019-05-12T00:40:51.338+0000][6.003s] GC(1) Concurrent Sweep 0.025ms
[2019-05-12T00:40:51.338+0000][6.003s] GC(1) User=0.00s Sys=0.00s Real=0.00s
[2019-05-12T00:40:51.338+0000][6.003s] GC(1) Concurrent Reset
[2019-05-12T00:40:51.344+0000][6.009s] GC(1) Concurrent Reset 6.386ms
[2019-05-12T00:40:51.344+0000][6.009s] GC(1) User=0.00s Sys=0.00s Real=0.00s
[2019-05-12T00:40:51.344+0000][6.009s] GC(1) Old: 0K->0K(393216K)
