[2019-05-12T00:31:33.461+0000][0.004s] Using Concurrent Mark Sweep
[2019-05-12T00:31:33.461+0000][0.004s] Heap address: 0x00000000e0000000, size: 512 MB, Compressed Oops mode: 32-bit
[2019-05-12T00:31:35.377+0000][1.921s] GC(0) Pause Young (Allocation Failure)
[2019-05-12T00:31:35.381+0000][1.925s] GC(0) Using 4 workers of 4 for evacuation
[2019-05-12T00:31:35.399+0000][1.942s] GC(0) ParNew: 87424K->10701K(109248K)
[2019-05-12T00:31:35.399+0000][1.942s] GC(0) CMS: 0K->0K(393216K)
[2019-05-12T00:31:35.399+0000][1.942s] GC(0) Metaspace: 14688K->14688K(1062912K)
[2019-05-12T00:31:35.399+0000][1.942s] GC(0) Pause Young (Allocation Failure) 85M->10M(490M) 21.256ms
[2019-05-12T00:31:35.399+0000][1.942s] GC(0) User=0.05s Sys=0.01s Real=0.02s
[2019-05-12T00:31:37.400+0000][3.943s] GC(1) Pause Initial Mark
[2019-05-12T00:31:37.426+0000][3.969s] GC(1) Pause Initial Mark 92M->92M(490M) 26.462ms
[2019-05-12T00:31:37.426+0000][3.970s] GC(1) User=0.04s Sys=0.00s Real=0.03s
[2019-05-12T00:31:37.426+0000][3.970s] GC(1) Concurrent Mark
[2019-05-12T00:31:37.445+0000][3.988s] GC(1) Using 4 workers of 4 for marking
[2019-05-12T00:31:37.454+0000][3.997s] GC(1) Concurrent Mark 27.729ms
[2019-05-12T00:31:37.454+0000][3.997s] GC(1) User=0.03s Sys=0.01s Real=0.03s
[2019-05-12T00:31:37.454+0000][3.997s] GC(1) Concurrent Preclean
[2019-05-12T00:31:37.455+0000][3.998s] GC(1) Concurrent Preclean 0.619ms
[2019-05-12T00:31:37.455+0000][3.998s] GC(1) User=0.00s Sys=0.00s Real=0.00s
[2019-05-12T00:31:37.455+0000][3.998s] GC(1) Concurrent Abortable Preclean
[2019-05-12T00:31:37.492+0000][4.035s] GC(2) Pause Young (Allocation Failure)
[2019-05-12T00:31:37.492+0000][4.035s] GC(2) Using 4 workers of 4 for evacuation
[2019-05-12T00:31:37.521+0000][4.064s] GC(2) ParNew: 98125K->18598K(109248K)
[2019-05-12T00:31:37.521+0000][4.064s] GC(2) CMS: 0K->0K(393216K)
[2019-05-12T00:31:37.521+0000][4.064s] GC(2) Metaspace: 25206K->25206K(1073152K)
[2019-05-12T00:31:37.521+0000][4.064s] GC(2) Pause Young (Allocation Failure) 95M->18M(490M) 29.311ms
[2019-05-12T00:31:37.521+0000][4.064s] GC(2) User=0.04s Sys=0.01s Real=0.03s
[2019-05-12T00:31:38.274+0000][4.817s] GC(1) Concurrent Abortable Preclean 819.004ms
[2019-05-12T00:31:38.274+0000][4.817s] GC(1) User=1.26s Sys=0.04s Real=0.82s
[2019-05-12T00:31:38.275+0000][4.818s] GC(1) Pause Remark
[2019-05-12T00:31:38.275+0000][4.819s] GC(3) Pause Young (CMS Final Remark)
[2019-05-12T00:31:38.275+0000][4.819s] GC(3) Using 4 workers of 4 for evacuation
[2019-05-12T00:31:38.323+0000][4.866s] GC(3) ParNew: 71784K->16850K(109248K)
[2019-05-12T00:31:38.323+0000][4.866s] GC(3) CMS: 0K->0K(393216K)
[2019-05-12T00:31:38.323+0000][4.866s] GC(3) Metaspace: 27583K->27583K(1075200K)
[2019-05-12T00:31:38.323+0000][4.866s] GC(3) Pause Young (CMS Final Remark) 70M->16M(490M) 47.232ms
[2019-05-12T00:31:38.323+0000][4.866s] GC(3) User=0.08s Sys=0.01s Real=0.04s
[2019-05-12T00:31:38.361+0000][4.904s] GC(1) Pause Remark 70M->16M(490M) 85.257ms
[2019-05-12T00:31:38.361+0000][4.904s] GC(1) User=0.14s Sys=0.01s Real=0.08s
[2019-05-12T00:31:38.363+0000][4.906s] GC(1) Concurrent Sweep
[2019-05-12T00:31:38.363+0000][4.906s] GC(1) Concurrent Sweep 0.113ms
[2019-05-12T00:31:38.363+0000][4.906s] GC(1) User=0.00s Sys=0.00s Real=0.00s
[2019-05-12T00:31:38.363+0000][4.906s] GC(1) Concurrent Reset
[2019-05-12T00:31:38.366+0000][4.909s] GC(1) Concurrent Reset 2.528ms
[2019-05-12T00:31:38.370+0000][4.914s] GC(1) User=0.01s Sys=0.01s Real=0.01s
[2019-05-12T00:31:38.371+0000][4.914s] GC(1) Old: 0K->0K(393216K)
[2019-05-12T00:31:39.296+0000][5.839s] GC(4) Pause Young (Allocation Failure)
[2019-05-12T00:31:39.296+0000][5.839s] GC(4) Using 4 workers of 4 for evacuation
[2019-05-12T00:31:39.325+0000][5.868s] GC(4) ParNew: 104274K->21824K(109248K)
[2019-05-12T00:31:39.325+0000][5.868s] GC(4) CMS: 0K->152K(393216K)
[2019-05-12T00:31:39.325+0000][5.868s] GC(4) Metaspace: 33393K->33393K(1079296K)
[2019-05-12T00:31:39.325+0000][5.868s] GC(4) Pause Young (Allocation Failure) 101M->21M(490M) 28.802ms
[2019-05-12T00:31:39.325+0000][5.868s] GC(4) User=0.06s Sys=0.01s Real=0.02s
[2019-05-12T00:32:42.739+0000][69.282s] Heap
[2019-05-12T00:32:42.739+0000][69.282s]  par new generation   total 109248K, used 82700K [0x00000000e0000000, 0x00000000e8000000, 0x00000000e8000000)
[2019-05-12T00:32:42.739+0000][69.282s]   eden space 87424K,  69% used [0x00000000e0000000, 0x00000000e3b73380, 0x00000000e5560000)
[2019-05-12T00:32:42.739+0000][69.282s]   from space 21824K, 100% used [0x00000000e5560000, 0x00000000e6ab0000, 0x00000000e6ab0000)
[2019-05-12T00:32:42.739+0000][69.282s]   to   space 21824K,   0% used [0x00000000e6ab0000, 0x00000000e6ab0000, 0x00000000e8000000)
[2019-05-12T00:32:42.739+0000][69.282s]  concurrent mark-sweep generation total 393216K, used 152K [0x00000000e8000000, 0x0000000100000000, 0x0000000100000000)
[2019-05-12T00:32:42.739+0000][69.282s]  Metaspace       used 38048K, capacity 39035K, committed 39168K, reserved 1083392K
[2019-05-12T00:32:42.739+0000][69.282s]   class space    used 4657K, capacity 5066K, committed 5120K, reserved 1048576K
