[2019-05-12T00:51:45.592+0000][0.012s] Using Concurrent Mark Sweep
[2019-05-12T00:51:45.592+0000][0.012s] Heap address: 0x00000000e0000000, size: 512 MB, Compressed Oops mode: 32-bit
[2019-05-12T00:51:50.925+0000][5.344s] GC(0) Pause Young (Allocation Failure)
[2019-05-12T00:51:50.925+0000][5.345s] GC(0) Using 4 workers of 4 for evacuation
[2019-05-12T00:51:50.948+0000][5.368s] GC(0) ParNew: 87424K->10489K(109248K)
[2019-05-12T00:51:50.948+0000][5.368s] GC(0) CMS: 0K->0K(393216K)
[2019-05-12T00:51:50.948+0000][5.368s] GC(0) Metaspace: 14582K->14582K(1062912K)
[2019-05-12T00:51:50.948+0000][5.368s] GC(0) Pause Young (Allocation Failure) 85M->10M(490M) 23.618ms
[2019-05-12T00:51:50.948+0000][5.368s] GC(0) User=0.07s Sys=0.01s Real=0.03s
[2019-05-12T00:51:54.955+0000][9.374s] GC(1) Pause Initial Mark
[2019-05-12T00:51:54.985+0000][9.405s] GC(1) Pause Initial Mark 86M->86M(490M) 30.661ms
[2019-05-12T00:51:54.985+0000][9.405s] GC(1) User=0.05s Sys=0.00s Real=0.03s
[2019-05-12T00:51:54.985+0000][9.405s] GC(1) Concurrent Mark
[2019-05-12T00:51:54.996+0000][9.416s] GC(1) Using 4 workers of 4 for marking
[2019-05-12T00:51:55.002+0000][9.422s] GC(1) Concurrent Mark 17.067ms
[2019-05-12T00:51:55.002+0000][9.422s] GC(1) User=0.03s Sys=0.00s Real=0.01s
[2019-05-12T00:51:55.002+0000][9.422s] GC(1) Concurrent Preclean
[2019-05-12T00:51:55.003+0000][9.423s] GC(1) Concurrent Preclean 0.605ms
[2019-05-12T00:51:55.003+0000][9.423s] GC(1) User=0.00s Sys=0.00s Real=0.00s
[2019-05-12T00:51:55.003+0000][9.423s] GC(1) Concurrent Abortable Preclean
[2019-05-12T00:51:55.431+0000][9.850s] GC(2) Pause Young (Allocation Failure)
[2019-05-12T00:51:55.431+0000][9.850s] GC(2) Using 4 workers of 4 for evacuation
[2019-05-12T00:51:55.488+0000][9.908s] GC(2) ParNew: 97913K->16203K(109248K)
[2019-05-12T00:51:55.488+0000][9.908s] GC(2) CMS: 0K->0K(393216K)
[2019-05-12T00:51:55.488+0000][9.908s] GC(2) Metaspace: 24943K->24943K(1073152K)
[2019-05-12T00:51:55.488+0000][9.908s] GC(2) Pause Young (Allocation Failure) 95M->15M(490M) 57.568ms
[2019-05-12T00:51:55.488+0000][9.908s] GC(2) User=0.09s Sys=0.01s Real=0.06s
[2019-05-12T00:51:56.192+0000][10.612s] GC(1) Concurrent Abortable Preclean 1189.020ms
[2019-05-12T00:51:56.192+0000][10.612s] GC(1) User=2.29s Sys=0.06s Real=1.19s
[2019-05-12T00:51:56.192+0000][10.612s] GC(1) Pause Remark
[2019-05-12T00:51:56.192+0000][10.612s] GC(3) Pause Young (CMS Final Remark)
[2019-05-12T00:51:56.192+0000][10.612s] GC(3) Using 4 workers of 4 for evacuation
[2019-05-12T00:51:56.207+0000][10.627s] GC(3) ParNew: 73244K->21824K(109248K)
[2019-05-12T00:51:56.208+0000][10.627s] GC(3) CMS: 0K->0K(393216K)
[2019-05-12T00:51:56.208+0000][10.627s] GC(3) Metaspace: 27549K->27549K(1075200K)
[2019-05-12T00:51:56.208+0000][10.627s] GC(3) Pause Young (CMS Final Remark) 71M->21M(490M) 15.095ms
[2019-05-12T00:51:56.208+0000][10.627s] GC(3) User=0.04s Sys=0.01s Real=0.02s
[2019-05-12T00:51:56.215+0000][10.635s] GC(1) Pause Remark 71M->21M(490M) 22.722ms
[2019-05-12T00:51:56.215+0000][10.635s] GC(1) User=0.06s Sys=0.01s Real=0.03s
[2019-05-12T00:51:56.215+0000][10.635s] GC(1) Concurrent Sweep
[2019-05-12T00:51:56.215+0000][10.635s] GC(1) Concurrent Sweep 0.034ms
[2019-05-12T00:51:56.215+0000][10.635s] GC(1) User=0.00s Sys=0.00s Real=0.00s
[2019-05-12T00:51:56.215+0000][10.635s] GC(1) Concurrent Reset
[2019-05-12T00:51:56.218+0000][10.637s] GC(1) Concurrent Reset 2.432ms
[2019-05-12T00:51:56.218+0000][10.637s] GC(1) User=0.00s Sys=0.00s Real=0.00s
[2019-05-12T00:51:56.218+0000][10.637s] GC(1) Old: 0K->0K(393216K)
[2019-05-12T00:51:57.439+0000][11.858s] GC(4) Pause Young (Allocation Failure)
[2019-05-12T00:51:57.439+0000][11.858s] GC(4) Using 4 workers of 4 for evacuation
[2019-05-12T00:51:57.459+0000][11.879s] GC(4) ParNew: 109248K->18954K(109248K)
[2019-05-12T00:51:57.459+0000][11.879s] GC(4) CMS: 0K->0K(393216K)
[2019-05-12T00:51:57.459+0000][11.879s] GC(4) Metaspace: 32987K->32987K(1079296K)
[2019-05-12T00:51:57.459+0000][11.879s] GC(4) Pause Young (Allocation Failure) 106M->18M(490M) 20.657ms
[2019-05-12T00:51:57.459+0000][11.879s] GC(4) User=0.06s Sys=0.00s Real=0.02s
[2019-05-12T00:53:27.966+0000][102.386s] Heap
[2019-05-12T00:53:27.966+0000][102.386s]  par new generation   total 109248K, used 86810K [0x00000000e0000000, 0x00000000e8000000, 0x00000000e8000000)
[2019-05-12T00:53:27.966+0000][102.386s]   eden space 87424K,  77% used [0x00000000e0000000, 0x00000000e4243fe8, 0x00000000e5560000)
[2019-05-12T00:53:27.966+0000][102.386s]   from space 21824K,  86% used [0x00000000e5560000, 0x00000000e67e28f0, 0x00000000e6ab0000)
[2019-05-12T00:53:27.966+0000][102.386s]   to   space 21824K,   0% used [0x00000000e6ab0000, 0x00000000e6ab0000, 0x00000000e8000000)
[2019-05-12T00:53:27.966+0000][102.386s]  concurrent mark-sweep generation total 393216K, used 0K [0x00000000e8000000, 0x0000000100000000, 0x0000000100000000)
[2019-05-12T00:53:27.967+0000][102.386s]  Metaspace       used 37966K, capacity 38922K, committed 39244K, reserved 1083392K
[2019-05-12T00:53:27.967+0000][102.386s]   class space    used 4656K, capacity 5066K, committed 5196K, reserved 1048576K
