[2019-05-12T00:32:59.138+0000][0.030s] Using Concurrent Mark Sweep
[2019-05-12T00:32:59.138+0000][0.030s] Heap address: 0x00000000e0000000, size: 512 MB, Compressed Oops mode: 32-bit
[2019-05-12T00:33:02.260+0000][3.152s] GC(0) Pause Young (Allocation Failure)
[2019-05-12T00:33:02.261+0000][3.153s] GC(0) Using 4 workers of 4 for evacuation
[2019-05-12T00:33:02.325+0000][3.217s] GC(0) ParNew: 87424K->10721K(109248K)
[2019-05-12T00:33:02.325+0000][3.217s] GC(0) CMS: 0K->0K(393216K)
[2019-05-12T00:33:02.325+0000][3.217s] GC(0) Metaspace: 14674K->14674K(1062912K)
[2019-05-12T00:33:02.325+0000][3.217s] GC(0) Pause Young (Allocation Failure) 85M->10M(490M) 64.977ms
[2019-05-12T00:33:02.325+0000][3.217s] GC(0) User=0.07s Sys=0.00s Real=0.07s
[2019-05-12T00:33:05.538+0000][6.430s] GC(1) Pause Young (Allocation Failure)
[2019-05-12T00:33:05.538+0000][6.430s] GC(1) Using 4 workers of 4 for evacuation
[2019-05-12T00:33:05.592+0000][6.484s] GC(1) ParNew: 98145K->16489K(109248K)
[2019-05-12T00:33:05.592+0000][6.484s] GC(1) CMS: 0K->0K(393216K)
[2019-05-12T00:33:05.592+0000][6.484s] GC(1) Metaspace: 25157K->25157K(1073152K)
[2019-05-12T00:33:05.592+0000][6.484s] GC(1) Pause Young (Allocation Failure) 95M->16M(490M) 54.108ms
[2019-05-12T00:33:05.592+0000][6.484s] GC(1) User=0.04s Sys=0.00s Real=0.05s
[2019-05-12T00:33:05.593+0000][6.485s] GC(2) Pause Initial Mark
[2019-05-12T00:33:05.598+0000][6.490s] GC(2) Pause Initial Mark 17M->17M(490M) 4.817ms
[2019-05-12T00:33:05.598+0000][6.490s] GC(2) User=0.01s Sys=0.00s Real=0.00s
[2019-05-12T00:33:05.599+0000][6.491s] GC(2) Concurrent Mark
[2019-05-12T00:33:05.600+0000][6.493s] GC(2) Using 4 workers of 4 for marking
[2019-05-12T00:33:05.616+0000][6.508s] GC(2) Concurrent Mark 17.213ms
[2019-05-12T00:33:05.616+0000][6.508s] GC(2) User=0.02s Sys=0.00s Real=0.02s
[2019-05-12T00:33:05.616+0000][6.508s] GC(2) Concurrent Preclean
[2019-05-12T00:33:05.616+0000][6.508s] GC(2) Concurrent Preclean 0.381ms
[2019-05-12T00:33:05.616+0000][6.508s] GC(2) User=0.00s Sys=0.00s Real=0.00s
[2019-05-12T00:33:05.616+0000][6.508s] GC(2) Concurrent Abortable Preclean
[2019-05-12T00:33:06.405+0000][7.297s] GC(2) Concurrent Abortable Preclean 788.757ms
[2019-05-12T00:33:06.405+0000][7.297s] GC(2) User=1.42s Sys=0.02s Real=0.78s
[2019-05-12T00:33:06.409+0000][7.301s] GC(2) Pause Remark
[2019-05-12T00:33:06.409+0000][7.301s] GC(3) Pause Young (CMS Final Remark)
[2019-05-12T00:33:06.409+0000][7.302s] GC(3) Using 4 workers of 4 for evacuation
[2019-05-12T00:33:06.450+0000][7.342s] GC(3) ParNew: 69707K->21824K(109248K)
[2019-05-12T00:33:06.450+0000][7.342s] GC(3) CMS: 0K->0K(393216K)
[2019-05-12T00:33:06.450+0000][7.342s] GC(3) Metaspace: 27646K->27646K(1075200K)
[2019-05-12T00:33:06.450+0000][7.342s] GC(3) Pause Young (CMS Final Remark) 68M->21M(490M) 40.506ms
[2019-05-12T00:33:06.450+0000][7.342s] GC(3) User=0.07s Sys=0.00s Real=0.04s
[2019-05-12T00:33:06.468+0000][7.360s] GC(2) Pause Remark 68M->21M(490M) 58.915ms
[2019-05-12T00:33:06.468+0000][7.360s] GC(2) User=0.10s Sys=0.00s Real=0.06s
[2019-05-12T00:33:06.480+0000][7.372s] GC(2) Concurrent Sweep
[2019-05-12T00:33:06.480+0000][7.372s] GC(2) Concurrent Sweep 0.056ms
[2019-05-12T00:33:06.480+0000][7.372s] GC(2) User=0.00s Sys=0.00s Real=0.00s
[2019-05-12T00:33:06.480+0000][7.372s] GC(2) Concurrent Reset
[2019-05-12T00:33:06.483+0000][7.375s] GC(2) Concurrent Reset 2.427ms
[2019-05-12T00:33:06.483+0000][7.375s] GC(2) User=0.00s Sys=0.01s Real=0.00s
[2019-05-12T00:33:06.483+0000][7.375s] GC(2) Old: 0K->0K(393216K)
[2019-05-12T00:33:07.328+0000][8.221s] GC(4) Pause Young (Allocation Failure)
[2019-05-12T00:33:07.329+0000][8.221s] GC(4) Using 4 workers of 4 for evacuation
[2019-05-12T00:33:07.372+0000][8.264s] GC(4) ParNew: 109248K->21018K(109248K)
[2019-05-12T00:33:07.372+0000][8.264s] GC(4) CMS: 0K->0K(393216K)
[2019-05-12T00:33:07.372+0000][8.264s] GC(4) Metaspace: 33392K->33392K(1079296K)
[2019-05-12T00:33:07.372+0000][8.264s] GC(4) Pause Young (Allocation Failure) 106M->20M(490M) 43.843ms
[2019-05-12T00:33:07.372+0000][8.264s] GC(4) User=0.09s Sys=0.01s Real=0.04s
[2019-05-12T00:33:58.249+0000][59.141s] Heap
[2019-05-12T00:33:58.249+0000][59.141s]  par new generation   total 109248K, used 79483K [0x00000000e0000000, 0x00000000e8000000, 0x00000000e8000000)
[2019-05-12T00:33:58.249+0000][59.141s]   eden space 87424K,  66% used [0x00000000e0000000, 0x00000000e3918308, 0x00000000e5560000)
[2019-05-12T00:33:58.249+0000][59.141s]   from space 21824K,  96% used [0x00000000e5560000, 0x00000000e69e69c0, 0x00000000e6ab0000)
[2019-05-12T00:33:58.249+0000][59.141s]   to   space 21824K,   0% used [0x00000000e6ab0000, 0x00000000e6ab0000, 0x00000000e8000000)
[2019-05-12T00:33:58.249+0000][59.141s]  concurrent mark-sweep generation total 393216K, used 0K [0x00000000e8000000, 0x0000000100000000, 0x0000000100000000)
[2019-05-12T00:33:58.249+0000][59.141s]  Metaspace       used 37645K, capacity 38566K, committed 38840K, reserved 1083392K
[2019-05-12T00:33:58.249+0000][59.141s]   class space    used 4613K, capacity 5011K, committed 5120K, reserved 1048576K
