[2019-05-12T00:27:10.536+0000][0.004s] Using Concurrent Mark Sweep
[2019-05-12T00:27:10.536+0000][0.004s] Heap address: 0x00000000e0000000, size: 512 MB, Compressed Oops mode: 32-bit
[2019-05-12T00:27:12.301+0000][1.770s] GC(0) Pause Young (Allocation Failure)
[2019-05-12T00:27:12.302+0000][1.770s] GC(0) Using 4 workers of 4 for evacuation
[2019-05-12T00:27:12.311+0000][1.779s] GC(0) ParNew: 87424K->10701K(109248K)
[2019-05-12T00:27:12.311+0000][1.780s] GC(0) CMS: 0K->0K(393216K)
[2019-05-12T00:27:12.311+0000][1.780s] GC(0) Metaspace: 14651K->14651K(1062912K)
[2019-05-12T00:27:12.311+0000][1.780s] GC(0) Pause Young (Allocation Failure) 85M->10M(490M) 9.724ms
[2019-05-12T00:27:12.311+0000][1.780s] GC(0) User=0.03s Sys=0.00s Real=0.01s
[2019-05-12T00:27:14.311+0000][3.780s] GC(1) Pause Initial Mark
[2019-05-12T00:27:14.331+0000][3.799s] GC(1) Pause Initial Mark 88M->88M(490M) 19.609ms
[2019-05-12T00:27:14.331+0000][3.800s] GC(1) User=0.04s Sys=0.00s Real=0.02s
[2019-05-12T00:27:14.333+0000][3.802s] GC(1) Concurrent Mark
[2019-05-12T00:27:14.352+0000][3.820s] GC(1) Using 4 workers of 4 for marking
[2019-05-12T00:27:14.358+0000][3.827s] GC(1) Concurrent Mark 25.256ms
[2019-05-12T00:27:14.359+0000][3.827s] GC(1) User=0.06s Sys=0.00s Real=0.02s
[2019-05-12T00:27:14.359+0000][3.827s] GC(1) Concurrent Preclean
[2019-05-12T00:27:14.359+0000][3.827s] GC(1) Concurrent Preclean 0.597ms
[2019-05-12T00:27:14.359+0000][3.828s] GC(1) User=0.00s Sys=0.00s Real=0.00s
[2019-05-12T00:27:14.359+0000][3.828s] GC(1) Concurrent Abortable Preclean
[2019-05-12T00:27:14.858+0000][4.326s] GC(2) Pause Young (Allocation Failure)
[2019-05-12T00:27:14.858+0000][4.326s] GC(2) Using 4 workers of 4 for evacuation
[2019-05-12T00:27:14.909+0000][4.378s] GC(2) ParNew: 98125K->17385K(109248K)
[2019-05-12T00:27:14.909+0000][4.378s] GC(2) CMS: 0K->0K(393216K)
[2019-05-12T00:27:14.909+0000][4.378s] GC(2) Metaspace: 24978K->24978K(1073152K)
[2019-05-12T00:27:14.909+0000][4.378s] GC(2) Pause Young (Allocation Failure) 95M->16M(490M) 51.932ms
[2019-05-12T00:27:14.909+0000][4.378s] GC(2) User=0.05s Sys=0.00s Real=0.05s
[2019-05-12T00:27:15.960+0000][5.428s] GC(1) Concurrent Abortable Preclean 1600.866ms
[2019-05-12T00:27:15.960+0000][5.429s] GC(1) User=1.87s Sys=0.11s Real=1.60s
[2019-05-12T00:27:15.964+0000][5.432s] GC(1) Pause Remark
[2019-05-12T00:27:15.964+0000][5.432s] GC(3) Pause Young (CMS Final Remark)
[2019-05-12T00:27:15.964+0000][5.433s] GC(3) Using 4 workers of 4 for evacuation
[2019-05-12T00:27:15.993+0000][5.462s] GC(3) ParNew: 73149K->20337K(109248K)
[2019-05-12T00:27:15.993+0000][5.462s] GC(3) CMS: 0K->0K(393216K)
[2019-05-12T00:27:15.993+0000][5.462s] GC(3) Metaspace: 27634K->27634K(1075200K)
[2019-05-12T00:27:15.994+0000][5.462s] GC(3) Pause Young (CMS Final Remark) 71M->19M(490M) 29.396ms
[2019-05-12T00:27:15.994+0000][5.462s] GC(3) User=0.05s Sys=0.00s Real=0.04s
[2019-05-12T00:27:16.013+0000][5.481s] GC(1) Pause Remark 71M->19M(490M) 48.714ms
[2019-05-12T00:27:16.013+0000][5.481s] GC(1) User=0.08s Sys=0.00s Real=0.05s
[2019-05-12T00:27:16.014+0000][5.483s] GC(1) Concurrent Sweep
[2019-05-12T00:27:16.014+0000][5.483s] GC(1) Concurrent Sweep 0.057ms
[2019-05-12T00:27:16.014+0000][5.483s] GC(1) User=0.00s Sys=0.00s Real=0.00s
[2019-05-12T00:27:16.014+0000][5.483s] GC(1) Concurrent Reset
[2019-05-12T00:27:16.017+0000][5.485s] GC(1) Concurrent Reset 2.500ms
[2019-05-12T00:27:16.017+0000][5.485s] GC(1) User=0.00s Sys=0.00s Real=0.00s
[2019-05-12T00:27:16.017+0000][5.485s] GC(1) Old: 0K->0K(393216K)
[2019-05-12T00:27:16.884+0000][6.352s] GC(4) Pause Young (Allocation Failure)
[2019-05-12T00:27:16.884+0000][6.352s] GC(4) Using 4 workers of 4 for evacuation
[2019-05-12T00:27:16.907+0000][6.375s] GC(4) ParNew: 107761K->19285K(109248K)
[2019-05-12T00:27:16.907+0000][6.375s] GC(4) CMS: 0K->0K(393216K)
[2019-05-12T00:27:16.907+0000][6.375s] GC(4) Metaspace: 33061K->33061K(1079296K)
[2019-05-12T00:27:16.907+0000][6.375s] GC(4) Pause Young (Allocation Failure) 105M->18M(490M) 22.772ms
[2019-05-12T00:27:16.907+0000][6.375s] GC(4) User=0.04s Sys=0.00s Real=0.03s
[2019-05-12T00:31:04.749+0000][234.218s] Heap
[2019-05-12T00:31:04.749+0000][234.218s]  par new generation   total 109248K, used 93176K [0x00000000e0000000, 0x00000000e8000000, 0x00000000e8000000)
[2019-05-12T00:31:04.749+0000][234.218s]   eden space 87424K,  84% used [0x00000000e0000000, 0x00000000e4828c18, 0x00000000e5560000)
[2019-05-12T00:31:04.749+0000][234.218s]   from space 21824K,  88% used [0x00000000e5560000, 0x00000000e6835708, 0x00000000e6ab0000)
[2019-05-12T00:31:04.749+0000][234.218s]   to   space 21824K,   0% used [0x00000000e6ab0000, 0x00000000e6ab0000, 0x00000000e8000000)
[2019-05-12T00:31:04.749+0000][234.218s]  concurrent mark-sweep generation total 393216K, used 0K [0x00000000e8000000, 0x0000000100000000, 0x0000000100000000)
[2019-05-12T00:31:04.749+0000][234.218s]  Metaspace       used 38029K, capacity 39050K, committed 39276K, reserved 1083392K
[2019-05-12T00:31:04.749+0000][234.218s]   class space    used 4657K, capacity 5066K, committed 5092K, reserved 1048576K
